// Jest Snapshot v1, https://goo.gl/fbAQLP

exports[`CardDetailStudent Component renders correctly and matches snapshot 1`] = `
<div>
  <div
    class="flex flex-col gap-y-3"
  >
    <div
      class="flex items-center justify-between gap-x-2"
    >
      <div
        class="size-28 shrink-0 overflow-hidden rounded-full border-2 border-neutral4"
      >
        <img
          alt="Profile Image"
          class="size-full object-cover"
          src="https://example.com/profile.jpg"
        />
      </div>
      <div
        class="flex w-full flex-col gap-y-3 break-all rounded bg-neutral3 p-4"
      >
        <div
          class="flex flex-col gap-y-[2px]"
        >
          <p
            class="text-sm line-clamp-1 font-medium text-neutral8"
          >
            Nis
          </p>
          <p
            class="text-base line-clamp-1 font-bold text-neutral10"
          >
            123456
          </p>
        </div>
        <div
          class="flex flex-col gap-y-[2px]"
        >
          <p
            class="text-sm line-clamp-1 font-medium text-neutral8"
          >
            Nama Lengkap
          </p>
          <p
            class="text-base line-clamp-1 font-bold text-neutral10"
          >
            John Doe
          </p>
        </div>
        <div
          class="flex items-center justify-between gap-x-2 break-all"
        >
          <p
            class="text-sm shrink-0 font-medium text-neutral8"
          >
            Status
          </p>
          <p
            class="text-base text-end font-bold text-neutral10"
          >
            <div
              class="rounded-full px-4 py-[6px] text-center capitalize"
            >
              <p
                class="text-xs"
              >
                Active
              </p>
            </div>
          </p>
        </div>
      </div>
    </div>
    <div
      class=""
    >
      <p
        class="text-xs text-neutral8"
      >
        Alamat
      </p>
      <p
        class="text-xs mt-2 break-all font-bold text-neutral9"
      >
        123 Main St
      </p>
    </div>
    <div
      class="flex items-center gap-x-4"
    >
      <button
        class="rounded-[6px] flex whitespace-nowrap justify-center items-center font-bold gap-1 h-[44px] py-2 px-6 text-sm border-neutral6 border bg-neutral1 hover:bg-secondary2 text-neutral8 disabled:bg-neutral3"
        data-testid="btn-detail-card-detail-student"
      >
        <div
          class="flex items-center text-center"
        >
          <p
            class="text-base mr-1"
          >
            Detail
          </p>
          <svg
            fill="none"
            height="20"
            viewBox="0 0 12 12"
            width="20"
            xmlns="http://www.w3.org/2000/svg"
          >
            <path
              d="M9 9.5H3C2.725 9.5 2.5 9.275 2.5 9V3C2.5 2.725 2.725 2.5 3 2.5H5.5C5.775 2.5 6 2.275 6 2C6 1.725 5.775 1.5 5.5 1.5H2.5C1.945 1.5 1.5 1.95 1.5 2.5V9.5C1.5 10.05 1.95 10.5 2.5 10.5H9.5C10.05 10.5 10.5 10.05 10.5 9.5V6.5C10.5 6.225 10.275 6 10 6C9.725 6 9.5 6.225 9.5 6.5V9C9.5 9.275 9.275 9.5 9 9.5ZM7 2C7 2.275 7.225 2.5 7.5 2.5H8.795L4.23 7.065C4.035 7.26 4.035 7.575 4.23 7.77C4.425 7.965 4.74 7.965 4.935 7.77L9.5 3.205V4.5C9.5 4.775 9.725 5 10 5C10.275 5 10.5 4.775 10.5 4.5V1.5H7.5C7.225 1.5 7 1.725 7 2Z"
              fill="#454545"
            />
          </svg>
        </div>
      </button>
      <button
        class="rounded-[6px] flex whitespace-nowrap justify-center items-center font-bold gap-1 h-[44px] py-2 px-6 text-sm bg-secondary10 hover:bg-secondary1 text-white disabled:bg-secondary2 w-full"
        data-testid="btn-edit-card-detail-student"
      >
        <svg
          fill="none"
          height="20"
          viewBox="0 0 16 16"
          width="20"
          xmlns="http://www.w3.org/2000/svg"
        >
          <path
            d="M9.37333 6.01333L9.98667 6.62667L3.94667 12.6667H3.33333V12.0533L9.37333 6.01333ZM11.7733 2C11.6067 2 11.4333 2.06667 11.3067 2.19333L10.0867 3.41333L12.5867 5.91333L13.8067 4.69333C14.0667 4.43333 14.0667 4.01333 13.8067 3.75333L12.2467 2.19333C12.1133 2.06 11.9467 2 11.7733 2ZM9.37333 4.12667L2 11.5V14H4.5L11.8733 6.62667L9.37333 4.12667Z"
            fill="#FFFFFF"
          />
        </svg>
        <div
          class="flex items-center text-center"
        >
          <p
            class="text-base"
          >
            Edit Data Siswa
          </p>
        </div>
      </button>
    </div>
  </div>
</div>
`;
