// Jest Snapshot v1, https://goo.gl/fbAQLP

exports[`CardInformation component renders the component with the correct props and matches the snapshot 1`] = `
<div>
  <div
    class="flex cursor-pointer space-x-4"
  >
    <img
      alt="Test Announcement"
      class="h-auto w-[92px] max-w-md rounded-md object-cover"
      src="https://example.com/image.jpg"
    />
    <div
      class="flex flex-col gap-y-3"
    >
      <h5
        class="text-sm lg:text-base line-clamp-2 font-semibold text-[#363636]"
      >
        Test Announcement
      </h5>
      <p
        class="text-xs text-green8"
      >
        Event
      </p>
      <p
        class="text-xs text-blue8"
      >
        Diterbitkan
         
        01 November 2024
      </p>
    </div>
  </div>
</div>
`;
