// Jest Snapshot v1, https://goo.gl/fbAQLP

exports[`PaymentMethod Component should match snapshot 1`] = `
<div
  class="fixed inset-0 z-50 flex items-center justify-center bg-black/30 transition-opacity duration-300 ease-in-out md:px-0 opacity-0 !items-end p-0"
  data-testid="modal-payment-method"
>
  <div
    class="w-auto max-w-[90vw] rounded-lg border border-neutral5 bg-white text-base shadow-md transition-all duration-300 ease-in-out md:min-w-[522px] translate-y-full opacity-0 !min-w-full !rounded-b-none !rounded-t-lg md:!rounded-lg"
    id="modal"
    role="dialog"
  >
    <div
      class="flex items-center justify-between gap-x-4 border-b border-neutral5 p-4 md:px-6"
    >
      <div
        class="break-all"
      >
        <h3
          class="font-bold text-lg lg:text-2xl"
        >
          Pembayaran
        </h3>
      </div>
      <button
        class="rounded-[6px] flex whitespace-nowrap justify-center items-center font-bold gap-1 h-[44px] py-2 px-6 text-sm bg-blue8 hover:bg-blue9 text-white disabled:bg-secondary2"
      >
        <div
          class="flex items-center text-center"
        >
          Bayar
        </div>
      </button>
    </div>
    <div
      class="max-h-[calc(100dvh-128px)] overflow-auto break-all p-4 md:p-6"
    >
      <div
        class="flex flex-col gap-4"
      >
        <div
          class="flex flex-col gap-2 rounded bg-neutral3 p-3 md:hidden"
        >
          <div
            class="flex items-center justify-between gap-3"
          >
            <p
              class="text-xs text-neutral8"
            >
              Pembayaran
            </p>
            <p
              class="text-xs font-medium text-neutral8"
            >
              Rp 150.000
            </p>
          </div>
          <div
            class="flex items-center justify-between gap-3"
          >
            <p
              class="text-xs text-neutral8"
            >
              Biaya Admin
            </p>
            <p
              class="text-xs font-medium text-neutral8"
            >
              Rp 5.000
            </p>
          </div>
          <div
            class="flex items-center justify-between gap-3"
          >
            <p
              class="text-xs text-neutral8"
            >
              Total Pembayaran
            </p>
            <p
              class="text-base font-medium text-blue8"
            >
              Rp 155.000
            </p>
          </div>
        </div>
        <div
          class="hidden flex-col gap-1 md:flex"
        >
          <div
            class="flex items-center justify-between gap-3"
          >
            <p
              class="text-sm text-neutral8"
              data-testid="payment-title"
            >
              Pembayaran
            </p>
            <h4
              class="text-base lg:text-lg font-medium text-neutral8"
            >
              Rp 150.000
            </h4>
          </div>
          <div
            class="flex items-center justify-between gap-3"
          >
            <p
              class="text-sm text-neutral8"
            >
              Biaya Admin
            </p>
            <h4
              class="text-base lg:text-lg font-medium text-neutral8"
            >
              Rp 5.000
            </h4>
          </div>
          <div
            class="flex items-center justify-between gap-3"
          >
            <p
              class="text-sm text-neutral8"
            >
              Total Pembayaran
            </p>
            <h2
              class="font-bold text-xl lg:text-[28px] text-blue8"
            >
              Rp 155.000
            </h2>
          </div>
        </div>
        <div
          class="flex flex-col gap-3 p-0 md:rounded-lg md:bg-neutral3 md:p-4"
        >
          <div
            class="flex w-full items-center gap-2"
          >
            <input
              checked=""
              class="size-4 accent-blue8"
              id="VA"
              name="VA"
              type="radio"
              value="1"
            />
            <label
              class="flex w-full cursor-pointer items-center gap-2"
              for="VA"
            >
              <p
                class="text-base text-neutral9 md:text-neutral10"
              >
                Virtual Account
              </p>
            </label>
          </div>
          <div
            class="flex flex-col gap-3 pl-8"
          >
            <p
              class="text-sm text-[#656263]"
            >
              Pilih Bank untuk transfer
            </p>
            <div
              class="flex items-center gap-2"
            >
              <input
                checked=""
                class="size-4 accent-blue8"
                id="1"
                name="paymentMethod"
                type="radio"
                value="1"
              />
              <label
                class="flex w-full cursor-pointer items-center gap-3"
                for="1"
              >
                <img
                  alt="Bank A Logo"
                  class="h-4 w-auto object-contain"
                  src="/logo-a.png"
                />
                <p
                  class="text-base"
                >
                  Bank A
                </p>
              </label>
            </div>
          </div>
          <div
            class="flex items-center gap-2"
          >
            <input
              class="size-4 accent-blue8"
              id="2"
              name="paymentMethod"
              type="radio"
              value="2"
            />
            <label
              class="flex w-full cursor-pointer items-center gap-3"
              for="2"
            >
              <p
                class="text-base capitalize text-neutral9 md:text-neutral10"
              >
                Bank B
              </p>
              <img
                alt="Bank B Logo"
                class="h-4 w-auto object-contain"
                src="/logo-b.png"
              />
            </label>
          </div>
        </div>
        <button
          class="rounded-[6px] flex whitespace-nowrap justify-center items-center font-bold gap-1 h-[32px] py-2 px-4 text-xs bg-blue8 hover:bg-blue9 text-white disabled:bg-secondary2 mt-4 text-center md:hidden"
        >
          <div
            class="flex items-center text-center"
          >
            Bayar
          </div>
        </button>
      </div>
    </div>
  </div>
</div>
`;
